Microsoft Windows [Version 10.0.26100.4652]
(c) Microsoft Corporation. All rights reserved.

C:\Users\Yash Jain>node -v
v22.17.0

C:\Users\Yash Jain>npm -v
10.9.2

C:\Users\Yash Jain>npm -v
10.8.2

C:\Users\Yash Jain>node -v
v20.19.4

C:\Users\Yash Jain>npm install -g @angular/cli@18.0.0


Angular is a powerful, open-source TypeScript-based framework for building single-page web applications (SPAs). It's developed and maintained by Google and a large community of individual developers and corporations.


Here's a breakdown of what Angular is and its key characteristics:

1. A Framework, Not Just a Library:

Opinionated: Unlike libraries (like React, which gives you more freedom in how you structure your app), Angular is a "framework." This means it provides a more opinionated and structured way of building applications. It comes with a set of conventions, tools, and libraries that guide developers, leading to more consistent and maintainable codebases, especially in large enterprise-level projects.



Full-fledged solution: Angular offers out-of-the-box solutions for many common web development challenges, including:

Routing: For managing navigation between different views in your SPA.

Forms: For handling user input and validation.

HTTP Client: For making requests to backend APIs.

State Management: While it doesn't have a single prescribed solution like Redux in React, it provides mechanisms for managing application state.

Animations: For creating smooth and engaging user interfaces.

2. Built on TypeScript:

Superset of JavaScript: TypeScript is a superset of JavaScript, meaning all valid JavaScript code is also valid TypeScript.

Static Typing: TypeScript adds static typing to JavaScript, which means you can define the types of variables, function parameters, and return values. This helps catch errors during development, improves code readability, and makes large applications more maintainable.


Improved Tooling: TypeScript enables better tooling support (autocompletion, refactoring) in integrated development environments (IDEs).

3. Component-Based Architecture:

Building Blocks: Angular applications are built using a component-based architecture. A component is a self-contained, reusable block of UI (User Interface) that encapsulates its own logic (TypeScript class), template (HTML), and styles (CSS).


Hierarchy: Components are organized into a tree-like hierarchy, allowing you to build complex UIs by composing smaller, manageable components.

Modularity: This approach promotes modularity, reusability, and easier testing of individual parts of your application.

4. Key Features and Concepts:

Data Binding: Angular supports various forms of data binding, including:

One-way data binding: Flowing data from the component to the view (e.g., displaying a variable's value).

Two-way data binding (ngModel): Synchronizing data between the component's model and the view, meaning changes in one automatically update the other.

Directives: Angular extends HTML with directives, which are special markers on DOM elements that tell Angular to attach specific behavior or transform the DOM. Examples include:

*ngIf: Conditionally renders elements.

*ngFor: Renders a list of items.

[ngClass]: Dynamically applies CSS classes.

Services and Dependency Injection (DI):

Services: Used to encapsulate reusable logic (e.g., data fetching, authentication) that can be shared across multiple components.

Dependency Injection: Angular has a built-in DI system that makes it easy to inject services into components and other services, promoting modularity and testability.

Angular CLI (Command Line Interface): A powerful tool that simplifies Angular development by providing commands for:

Creating new projects (ng new).

Generating components, services, modules (ng generate).

Building and serving applications (ng serve, ng build).

Running tests (ng test).

RxJS: Angular heavily utilizes RxJS (Reactive Extensions for JavaScript) for handling asynchronous operations and events, making it easier to manage complex data streams.

5. Evolution from AngularJS:

It's important to distinguish between AngularJS (Angular 1.x) and Angular (Angular 2+). Angular is a complete rewrite of AngularJS by the same team at Google. They are fundamentally different frameworks with different architectures and concepts. The term "Angular" (without the "JS") typically refers to versions 2 and above.



In summary, Angular provides a robust and comprehensive platform for building large, scalable, and maintainable single-page web applications. Its structured approach, strong tooling, and integration with TypeScript make it a popular choice for enterprise-level projects.


-----------------------Angular structure-----------------------

import { Component } from '@angular/core';
import { RouterOutlet } from '@angular/router';

@Component({
  selector: 'app-root',
  standalone: true,
  imports: [RouterOutlet],
  templateUrl: './app.component.html',
  styleUrl: './app.component.css'
})
export class AppComponent {
  title = 'test-app';
}





import { Component, OnInit } from '@angular/core';

@Component({
  selector: 'app-test',
  standalone: true,
  imports: [],
  template: `
 {{userName}}
 <button (click)=myevent()>Toggle</button>
 {{count}}`,
  styleUrl: './test.component.css'
})


export class TestComponent implements OnInit {

  userName:string='raj';
  
  isHidden:boolean=false;
  constructor() { }

  myevent(){
    this.count++;
  }

  ngOnInit() {
  }

}



